// Jest Snapshot v1, https://goo.gl/fbAQLP

exports[`Test app renders layout\` 1`] = `
<input
  placeholder="input value"
  type="text"
  value="false"
/>
`;
